// Jest Snapshot v1, https://goo.gl/fbAQLP

exports[`hoc components should handle wrapped components 1`] = `
Object {
  "fixed": true,
  "messages": Array [],
  "output": "import { Component as Component0 } from 'react';
import { isEqualImmutable } from 'ImmutableComponent';

import component from 'omniscient';

function withProps(Component, props) {
    return (() => {
    class AnonymousComponent extends Component0 {
        static displayName = Component.displayName + \\"_WithProps\\";

        shouldComponentUpdate(nextProps, nextState) {
            return !(
                isEqualImmutable(this.props, nextProps) &&
                ((!oldState && !newState) ||
                    isEqualImmutable(this.state, nextState))
            );
        }

        render() {
            const newProps = this.props;
            return <Component {...newProps} {...props} />;
        }
    }

    return AnonymousComponent;
})();
}",
}
`;
